###############################################################################
#
# IAR ELF Linker V8.22.2.15995/W32 for ARM                10/Mar/2019  13:15:22
# Copyright 2007-2018 IAR Systems AB.
#
#    Output file  =  
#        D:\我的项目\2019机器人竞赛-邀请赛\程序\Project\EWARM\Project\Exe\Project.out
#    Map file     =  
#        D:\我的项目\2019机器人竞赛-邀请赛\程序\Project\EWARM\Project\List\Project.map
#    Command line =  
#        -f C:\Users\TF\AppData\Local\Temp\EW4D4.tmp
#        (D:\我的项目\2019机器人竞赛-邀请赛\程序\Project\EWARM\Project\Obj\Buzzer.o
#        D:\我的项目\2019机器人竞赛-邀请赛\程序\Project\EWARM\Project\Obj\Carrier.o
#        D:\我的项目\2019机器人竞赛-邀请赛\程序\Project\EWARM\Project\Obj\DC_Motor.o
#        D:\我的项目\2019机器人竞赛-邀请赛\程序\Project\EWARM\Project\Obj\Encoder.o
#        D:\我的项目\2019机器人竞赛-邀请赛\程序\Project\EWARM\Project\Obj\LED.o
#        D:\我的项目\2019机器人竞赛-邀请赛\程序\Project\EWARM\Project\Obj\main.o
#        D:\我的项目\2019机器人竞赛-邀请赛\程序\Project\EWARM\Project\Obj\PID.o
#        D:\我的项目\2019机器人竞赛-邀请赛\程序\Project\EWARM\Project\Obj\Servo.o
#        D:\我的项目\2019机器人竞赛-邀请赛\程序\Project\EWARM\Project\Obj\startup_stm32f407xx.o
#        D:\我的项目\2019机器人竞赛-邀请赛\程序\Project\EWARM\Project\Obj\Stepper.o
#        D:\我的项目\2019机器人竞赛-邀请赛\程序\Project\EWARM\Project\Obj\stm32f4xx_hal.o
#        D:\我的项目\2019机器人竞赛-邀请赛\程序\Project\EWARM\Project\Obj\stm32f4xx_hal_adc.o
#        D:\我的项目\2019机器人竞赛-邀请赛\程序\Project\EWARM\Project\Obj\stm32f4xx_hal_adc_ex.o
#        D:\我的项目\2019机器人竞赛-邀请赛\程序\Project\EWARM\Project\Obj\stm32f4xx_hal_cortex.o
#        D:\我的项目\2019机器人竞赛-邀请赛\程序\Project\EWARM\Project\Obj\stm32f4xx_hal_dma.o
#        D:\我的项目\2019机器人竞赛-邀请赛\程序\Project\EWARM\Project\Obj\stm32f4xx_hal_dma_ex.o
#        D:\我的项目\2019机器人竞赛-邀请赛\程序\Project\EWARM\Project\Obj\stm32f4xx_hal_exti.o
#        D:\我的项目\2019机器人竞赛-邀请赛\程序\Project\EWARM\Project\Obj\stm32f4xx_hal_flash.o
#        D:\我的项目\2019机器人竞赛-邀请赛\程序\Project\EWARM\Project\Obj\stm32f4xx_hal_flash_ex.o
#        D:\我的项目\2019机器人竞赛-邀请赛\程序\Project\EWARM\Project\Obj\stm32f4xx_hal_flash_ramfunc.o
#        D:\我的项目\2019机器人竞赛-邀请赛\程序\Project\EWARM\Project\Obj\stm32f4xx_hal_gpio.o
#        D:\我的项目\2019机器人竞赛-邀请赛\程序\Project\EWARM\Project\Obj\stm32f4xx_hal_msp.o
#        D:\我的项目\2019机器人竞赛-邀请赛\程序\Project\EWARM\Project\Obj\stm32f4xx_hal_pwr.o
#        D:\我的项目\2019机器人竞赛-邀请赛\程序\Project\EWARM\Project\Obj\stm32f4xx_hal_pwr_ex.o
#        D:\我的项目\2019机器人竞赛-邀请赛\程序\Project\EWARM\Project\Obj\stm32f4xx_hal_rcc.o
#        D:\我的项目\2019机器人竞赛-邀请赛\程序\Project\EWARM\Project\Obj\stm32f4xx_hal_rcc_ex.o
#        D:\我的项目\2019机器人竞赛-邀请赛\程序\Project\EWARM\Project\Obj\stm32f4xx_hal_tim.o
#        D:\我的项目\2019机器人竞赛-邀请赛\程序\Project\EWARM\Project\Obj\stm32f4xx_hal_tim_ex.o
#        D:\我的项目\2019机器人竞赛-邀请赛\程序\Project\EWARM\Project\Obj\stm32f4xx_hal_uart.o
#        D:\我的项目\2019机器人竞赛-邀请赛\程序\Project\EWARM\Project\Obj\stm32f4xx_it.o
#        D:\我的项目\2019机器人竞赛-邀请赛\程序\Project\EWARM\Project\Obj\system_stm32f4xx.o
#        D:\我的项目\2019机器人竞赛-邀请赛\程序\Project\EWARM\Project\Obj\Task.o
#        D:\我的项目\2019机器人竞赛-邀请赛\程序\Project\EWARM\Project\Obj\Track.o
#        D:\我的项目\2019机器人竞赛-邀请赛\程序\Project\EWARM\Project\Obj\Vehicle.o
#        --redirect _Printf=_PrintfFull --redirect _Scanf=_ScanfFull -o
#        D:\我的项目\2019机器人竞赛-邀请赛\程序\Project\EWARM\Project\Exe\Project.out
#        --map
#        D:\我的项目\2019机器人竞赛-邀请赛\程序\Project\EWARM\Project\List\Project.map
#        --config
#        D:\我的项目\2019机器人竞赛-邀请赛\程序\Project\EWARM/stm32f407xx_flash.icf
#        --semihosting --entry __iar_program_start --vfe --text_out locale)
#
###############################################################################

*******************************************************************************
*** RUNTIME MODEL ATTRIBUTES
***

CppFlavor       = *
__SystemLibrary = DLib
__dlib_version  = 6


*******************************************************************************
*** HEAP SELECTION
***

The basic heap was selected because no calls to memory allocation
functions were found in the application outside of system library
functions, and there are calls to deallocation functions in the
application.


*******************************************************************************
*** PLACEMENT SUMMARY
***

"A0":  place at 0x08000000 { ro section .intvec };
"P1":  place in [from 0x08000000 to 0x080fffff] { ro };
define block CSTACK with size = 1K, alignment = 8 { };
define block HEAP with size = 512, alignment = 8 { };
"P2":  place in [from 0x20000000 to 0x2001ffff] {
          rw, block CSTACK, block HEAP };
initialize by copy { rw };

  Section            Kind        Address    Size  Object
  -------            ----        -------    ----  ------
"A0":                                      0x188
  .intvec            ro code  0x08000000   0x188  startup_stm32f407xx.o [1]
                            - 0x08000188   0x188

"P1":                                     0x4bac
  .text              ro code  0x08000188   0xf96  xprintffull.o [3]
  .text              ro code  0x0800111e    0x1e  xencoding_8859_1.o [3]
  .text              ro code  0x0800113c    0x74  xlocale_c.o [3]
  .text              ro code  0x080011b0    0x16  strchr.o [5]
  .text              ro code  0x080011c8    0x40  xfail_s.o [3]
  .text              ro code  0x08001208    0x36  strlen.o [5]
  .text              ro code  0x08001240    0x58  memchr.o [5]
  .text              ro code  0x08001298     0xa  xmbcurmax.o [3]
  .text              ro code  0x080012a4    0xa6  ABImemcpy.o [5]
  .text              ro code  0x0800134c   0x22e  I64DivMod.o [5]
  .text              ro code  0x0800157c   0x1a2  DblMul.o [4]
  .text              ro code  0x08001720    0x70  frexp.o [4]
  .text              ro code  0x08001790    0x2e  DblCmpLe.o [4]
  .text              ro code  0x080017c0    0x2e  DblCmpGe.o [4]
  .text              ro code  0x080017f0   0x13a  ldexp.o [4]
  .text              ro code  0x0800192c    0x3a  DblToS32.o [4]
  .text              ro code  0x08001968    0x22  S32ToDbl.o [4]
  .text              ro code  0x0800198c    0xe2  DblSub.o [4]
  .text              ro code  0x08001a70   0x246  DblDiv.o [4]
  .text              ro code  0x08001cb8    0x28  DblToU32.o [4]
  .text              ro code  0x08001ce0    0x1a  U32ToDbl.o [4]
  .text              ro code  0x08001cfa     0x6  abort.o [3]
  .text              ro code  0x08001d00     0x2  I64DivZer.o [5]
  .text              ro code  0x08001d04   0x168  DblAdd.o [4]
  .text              ro code  0x08001e6c    0x14  exit.o [6]
  .text              ro code  0x08001e80   0x88c  main.o [1]
  .text              ro code  0x0800270c    0x34  stm32f4xx_hal.o [1]
  .text              ro code  0x08002740    0xc8  stm32f4xx_hal_cortex.o [1]
  .text              ro code  0x08002808   0x776  stm32f4xx_hal_tim.o [1]
  .text              ro code  0x08002f80    0x92  stm32f4xx_hal_tim_ex.o [1]
  .text              ro code  0x08003014     0x6  ABImemclr4.o [5]
  .text              ro code  0x0800301c   0x312  stm32f4xx_hal_uart.o [1]
  .text              ro code  0x08003330   0x6a8  stm32f4xx_hal_msp.o [1]
  .text              ro code  0x080039d8    0x1c  Servo.o [1]
  .text              ro code  0x080039f4    0x38  Encoder.o [1]
  .text              ro code  0x08003a2c   0x2f0  stm32f4xx_hal_rcc.o [1]
  .text              ro code  0x08003d1c   0x1c4  stm32f4xx_hal_rcc.o [1]
  .text              ro code  0x08003ee0   0x28c  stm32f4xx_hal_adc.o [1]
  .text              ro code  0x0800416c   0x1ec  stm32f4xx_hal_gpio.o [1]
  .text              ro code  0x08004358    0x40  stm32f4xx_hal.o [1]
  .text              ro code  0x08004398     0x2  stm32f4xx_hal_tim.o [1]
  .text              ro code  0x0800439a     0x2  stm32f4xx_hal_tim.o [1]
  .text              ro code  0x0800439c     0x2  stm32f4xx_hal_tim.o [1]
  .text              ro code  0x0800439e     0x2  stm32f4xx_hal_tim.o [1]
  .text              ro code  0x080043a0   0x164  Task.o [1]
  .text              ro code  0x08004504     0x2  stm32f4xx_hal_tim_ex.o [1]
  .text              ro code  0x08004506     0x2  stm32f4xx_hal_tim.o [1]
  .text              ro code  0x08004508     0x2  stm32f4xx_hal_tim_ex.o [1]
  .text              ro code  0x0800450a     0x2  stm32f4xx_hal_tim.o [1]
  .text              ro code  0x0800450c    0x32  ABImemset48.o [5]
  .text              ro code  0x08004540     0xc  stm32f4xx_hal.o [1]
  .text              ro code  0x0800454c   0x2c8  stm32f4xx_hal_dma.o [1]
  .text              ro code  0x08004814     0x2  stm32f4xx_hal_rcc.o [1]
  .text              ro code  0x08004818    0x28  printf.o [3]
  .text              ro code  0x08004840   0x120  Track.o [1]
  .text              ro code  0x08004960    0x60  system_stm32f4xx.o [1]
  .text              ro code  0x080049c0    0x54  stm32f4xx_it.o [1]
  .text              ro code  0x08004a14    0x10  stm32f4xx_hal.o [1]
  .text              ro code  0x08004a24    0x40  zero_init3.o [5]
  .text              ro code  0x08004a64    0x38  packbits_init_single.o [5]
  .text              ro code  0x08004a9c    0x28  data_init.o [5]
  .text              ro code  0x08004ac4    0x22  fpinit_M.o [4]
  .iar.init_table    const    0x08004ae8    0x20  - Linker created -
  .text              ro code  0x08004b08    0x1e  cmain.o [5]
  .text              ro code  0x08004b26     0x4  low_level_init.o [3]
  .text              ro code  0x08004b2a     0x4  exit.o [3]
  .text              ro code  0x08004b30     0xa  cexit.o [5]
  .text              ro code  0x08004b3a    0x16  xprout.o [3]
  .text              ro code  0x08004b50     0xc  putchar.o [3]
  .text              ro code  0x08004b5c    0x10  startup_stm32f407xx.o [1]
  .text              ro code  0x08004b6c     0xc  cstartup_M.o [5]
  .rodata            const    0x08004b78     0x8  system_stm32f4xx.o [1]
  .rodata            const    0x08004b80     0x6  xlocale_c.o [3]
  .text              ro code  0x08004b86     0x4  startup_stm32f407xx.o [1]
  .text              ro code  0x08004b8a     0x4  startup_stm32f407xx.o [1]
  .text              ro code  0x08004b8e     0x4  startup_stm32f407xx.o [1]
  .text              ro code  0x08004b92     0x4  startup_stm32f407xx.o [1]
  .text              ro code  0x08004b96     0x4  startup_stm32f407xx.o [1]
  .text              ro code  0x08004b9a     0x4  startup_stm32f407xx.o [1]
  .text              ro code  0x08004b9e     0x4  startup_stm32f407xx.o [1]
  .text              ro code  0x08004ba2     0x4  startup_stm32f407xx.o [1]
  .text              ro code  0x08004ba6     0x4  startup_stm32f407xx.o [1]
  .text              ro code  0x08004baa     0x4  startup_stm32f407xx.o [1]
  .text              ro code  0x08004bae     0x4  startup_stm32f407xx.o [1]
  .text              ro code  0x08004bb2     0x4  startup_stm32f407xx.o [1]
  .text              ro code  0x08004bb6     0x4  startup_stm32f407xx.o [1]
  .text              ro code  0x08004bba     0x4  startup_stm32f407xx.o [1]
  .text              ro code  0x08004bbe     0x4  startup_stm32f407xx.o [1]
  .text              ro code  0x08004bc2     0x4  startup_stm32f407xx.o [1]
  .text              ro code  0x08004bc6     0x4  startup_stm32f407xx.o [1]
  .text              ro code  0x08004bca     0x4  startup_stm32f407xx.o [1]
  .text              ro code  0x08004bce     0x4  startup_stm32f407xx.o [1]
  .text              ro code  0x08004bd2     0x4  startup_stm32f407xx.o [1]
  .text              ro code  0x08004bd6     0x4  startup_stm32f407xx.o [1]
  .text              ro code  0x08004bda     0x4  startup_stm32f407xx.o [1]
  .text              ro code  0x08004bde     0x4  startup_stm32f407xx.o [1]
  .text              ro code  0x08004be2     0x4  startup_stm32f407xx.o [1]
  .text              ro code  0x08004be6     0x4  startup_stm32f407xx.o [1]
  .text              ro code  0x08004bea     0x4  startup_stm32f407xx.o [1]
  .text              ro code  0x08004bee     0x4  startup_stm32f407xx.o [1]
  .text              ro code  0x08004bf2     0x4  startup_stm32f407xx.o [1]
  .text              ro code  0x08004bf6     0x4  startup_stm32f407xx.o [1]
  .text              ro code  0x08004bfa     0x4  startup_stm32f407xx.o [1]
  .text              ro code  0x08004bfe     0x4  startup_stm32f407xx.o [1]
  .text              ro code  0x08004c02     0x4  startup_stm32f407xx.o [1]
  .text              ro code  0x08004c06     0x4  startup_stm32f407xx.o [1]
  .text              ro code  0x08004c0a     0x4  startup_stm32f407xx.o [1]
  .text              ro code  0x08004c0e     0x4  startup_stm32f407xx.o [1]
  .text              ro code  0x08004c12     0x4  startup_stm32f407xx.o [1]
  .text              ro code  0x08004c16     0x4  startup_stm32f407xx.o [1]
  .text              ro code  0x08004c1a     0x4  startup_stm32f407xx.o [1]
  .text              ro code  0x08004c1e     0x4  startup_stm32f407xx.o [1]
  .text              ro code  0x08004c22     0x4  startup_stm32f407xx.o [1]
  .text              ro code  0x08004c26     0x4  startup_stm32f407xx.o [1]
  .text              ro code  0x08004c2a     0x4  startup_stm32f407xx.o [1]
  .text              ro code  0x08004c2e     0x4  startup_stm32f407xx.o [1]
  .text              ro code  0x08004c32     0x4  startup_stm32f407xx.o [1]
  .text              ro code  0x08004c36     0x4  startup_stm32f407xx.o [1]
  .text              ro code  0x08004c3a     0x4  startup_stm32f407xx.o [1]
  .text              ro code  0x08004c3e     0x4  startup_stm32f407xx.o [1]
  .text              ro code  0x08004c42     0x4  startup_stm32f407xx.o [1]
  .text              ro code  0x08004c46     0x4  startup_stm32f407xx.o [1]
  .text              ro code  0x08004c4a     0x4  startup_stm32f407xx.o [1]
  .text              ro code  0x08004c4e     0x4  startup_stm32f407xx.o [1]
  .text              ro code  0x08004c52     0x4  startup_stm32f407xx.o [1]
  .text              ro code  0x08004c56     0x4  startup_stm32f407xx.o [1]
  .text              ro code  0x08004c5a     0x4  startup_stm32f407xx.o [1]
  .text              ro code  0x08004c5e     0x4  startup_stm32f407xx.o [1]
  .text              ro code  0x08004c62     0x4  startup_stm32f407xx.o [1]
  .text              ro code  0x08004c66     0x4  startup_stm32f407xx.o [1]
  .text              ro code  0x08004c6a     0x4  startup_stm32f407xx.o [1]
  .text              ro code  0x08004c6e     0x4  startup_stm32f407xx.o [1]
  .text              ro code  0x08004c72     0x4  startup_stm32f407xx.o [1]
  .text              ro code  0x08004c76     0x4  startup_stm32f407xx.o [1]
  .text              ro code  0x08004c7a     0x4  startup_stm32f407xx.o [1]
  .text              ro code  0x08004c7e     0x4  startup_stm32f407xx.o [1]
  .text              ro code  0x08004c82     0x4  startup_stm32f407xx.o [1]
  .text              ro code  0x08004c86     0x4  startup_stm32f407xx.o [1]
  .text              ro code  0x08004c8a     0x4  startup_stm32f407xx.o [1]
  .text              ro code  0x08004c8e     0x4  startup_stm32f407xx.o [1]
  .text              ro code  0x08004c92     0x4  startup_stm32f407xx.o [1]
  .text              ro code  0x08004c96     0x4  startup_stm32f407xx.o [1]
  .text              ro code  0x08004c9a     0x4  startup_stm32f407xx.o [1]
  .text              ro code  0x08004c9e     0x4  startup_stm32f407xx.o [1]
  .text              ro code  0x08004ca2     0x4  startup_stm32f407xx.o [1]
  .text              ro code  0x08004ca6     0x4  startup_stm32f407xx.o [1]
  .text              ro code  0x08004caa     0x4  startup_stm32f407xx.o [1]
  .text              ro code  0x08004cae     0x4  startup_stm32f407xx.o [1]
  .rodata            const    0x08004cb2     0x0  zero_init3.o [5]
  .rodata            const    0x08004cb2     0x0  packbits_init_single.o [5]
  Initializer bytes  const    0x08004cb2    0x82  <for P2-1>
                            - 0x08004d34  0x4bac

"P2", part 1 of 3:                          0xd8
  P2-1                        0x20000000    0xd8  <Init block>
    .data            inited   0x20000000     0xc  stm32f4xx_hal.o [1]
    .data            inited   0x2000000c     0x4  system_stm32f4xx.o [1]
    .data            inited   0x20000010    0x38  xlocale_c.o [3]
    .data            inited   0x20000048    0x48  xlocale_c.o [3]
    .data            inited   0x20000090    0x48  xfiles.o [3]
                            - 0x200000d8    0xd8

"P2", part 2 of 3:                         0x544
  .bss               zero     0x200000d8   0x200  main.o [1]
  .bss               zero     0x200002d8    0x82  main.o [1]
  .bss               zero     0x2000035c    0x60  main.o [1]
  .bss               zero     0x200003bc    0x60  main.o [1]
  .bss               zero     0x2000041c    0x60  main.o [1]
  .bss               zero     0x2000047c    0x50  xfiles.o [3]
  .bss               zero     0x200004cc    0x48  main.o [1]
  .bss               zero     0x20000514    0x48  main.o [1]
  .bss               zero     0x2000055c    0x40  main.o [1]
  .bss               zero     0x2000059c    0x40  main.o [1]
  .bss               zero     0x200005dc    0x24  main.o [1]
  .bss               zero     0x20000600    0x10  Track.o [1]
  .bss               zero     0x20000610     0x8  Encoder.o [1]
  .bss               zero     0x20000618     0x4  xfail_s.o [3]
                            - 0x2000061c   0x544

"P2", part 3 of 3:                         0x400
  CSTACK                      0x20000620   0x400  <Block>
    CSTACK           uninit   0x20000620   0x400  <Block tail>
                            - 0x20000a20   0x400


*******************************************************************************
*** INIT TABLE
***

          Address     Size
          -------     ----
Zero (__iar_zero_init3)
    1 destination range, total size 0x544:
          0x200000d8  0x544

Copy/packbits (__iar_packbits_init_single3)
    1 source range, total size 0x82 (60% of destination):
          0x08004cb2   0x82
    1 destination range, total size 0xd8:
          0x20000000   0xd8



*******************************************************************************
*** MODULE SUMMARY
***

    Module                  ro code  ro data  rw data
    ------                  -------  -------  -------
D:\我的项目\2019机器人竞赛-邀请赛\程序\Project\EWARM\Project\Obj: [1]
    Encoder.o                    56                 8
    Servo.o                      28
    Task.o                      356
    Track.o                     288                16
    main.o                    2 188             1 238
    startup_stm32f407xx.o       708
    stm32f4xx_hal.o             144        7       12
    stm32f4xx_hal_adc.o         652
    stm32f4xx_hal_cortex.o      200
    stm32f4xx_hal_dma.o         712
    stm32f4xx_hal_gpio.o        492
    stm32f4xx_hal_msp.o       1 704
    stm32f4xx_hal_rcc.o       1 206
    stm32f4xx_hal_tim.o       1 922
    stm32f4xx_hal_tim_ex.o      150
    stm32f4xx_hal_uart.o        786
    stm32f4xx_it.o               84
    system_stm32f4xx.o           96       10        4
    -------------------------------------------------
    Total:                   11 772       17    1 278

command line: [2]
    -------------------------------------------------
    Total:

dl7M_tlf.a: [3]
    abort.o                       6
    exit.o                        4
    low_level_init.o              4
    printf.o                     40
    putchar.o                    12
    xencoding_8859_1.o           30
    xfail_s.o                    64                 4
    xfiles.o                              44      152
    xlocale_c.o                 116       83      128
    xmbcurmax.o                  10
    xprintffull.o             3 990
    xprout.o                     22
    -------------------------------------------------
    Total:                    4 298      127      284

m7M_tls.a: [4]
    DblAdd.o                    360
    DblCmpGe.o                   46
    DblCmpLe.o                   46
    DblDiv.o                    582
    DblMul.o                    418
    DblSub.o                    226
    DblToS32.o                   58
    DblToU32.o                   40
    S32ToDbl.o                   34
    U32ToDbl.o                   26
    fpinit_M.o                   34
    frexp.o                     112
    ldexp.o                     314
    -------------------------------------------------
    Total:                    2 296

rt7M_tl.a: [5]
    ABImemclr4.o                  6
    ABImemcpy.o                 166
    ABImemset48.o                50
    I64DivMod.o                 558
    I64DivZer.o                   2
    cexit.o                      10
    cmain.o                      30
    cstartup_M.o                 12
    data_init.o                  40
    memchr.o                     88
    packbits_init_single.o       56
    strchr.o                     22
    strlen.o                     54
    zero_init3.o                 64
    -------------------------------------------------
    Total:                    1 158

shb_l.a: [6]
    exit.o                       20
    -------------------------------------------------
    Total:                       20

    Gaps                         42        2        2
    Linker created                        32    1 024
-----------------------------------------------------
    Grand Total:             19 586      178    2 588


*******************************************************************************
*** ENTRY LIST
***

Entry                      Address   Size  Type      Object
-----                      -------   ----  ----      ------
.iar.init_table$$Base   0x08004ae8          --   Gb  - Linker created -
.iar.init_table$$Limit  0x08004b08          --   Gb  - Linker created -
?main                   0x08004b09         Code  Gb  cmain.o [5]
ADC_ConvertedValue      0x200005e4   0x1c  Data  Gb  main.o [1]
ADC_ConvertedValueLocal
                        0x200005dc    0x8  Data  Gb  main.o [1]
ADC_Init                0x08004061   0xf8  Code  Lc  stm32f4xx_hal_adc.o [1]
AHBPrescTable           0x080049b0   0x10  Data  Gb  system_stm32f4xx.o [1]
APBPrescTable           0x08004b78    0x8  Data  Gb  system_stm32f4xx.o [1]
Automatic_Threshold     0x08004841   0x4e  Code  Gb  Track.o [1]
Basic_Binary_Code       0x0800488f   0x60  Code  Gb  Track.o [1]
Basic_Binary_Code::Objective_Track
                        0x2000060a    0x1  Data  Lc  Track.o [1]
BusFault_Handler        0x080049c9    0x2  Code  Gb  stm32f4xx_it.o [1]
CSTACK$$Base            0x20000620          --   Gb  - Linker created -
CSTACK$$Limit           0x20000a20          --   Gb  - Linker created -
CacheMore               0x08001141   0x24  Code  Lc  xlocale_c.o [3]
Compass_Data            0x20000359    0x1  Data  Gb  main.o [1]
DMA1_Stream1_IRQHandler
                        0x080049d7    0x6  Code  Gb  stm32f4xx_it.o [1]
DMA2_Stream0_IRQHandler
                        0x080049ef    0x6  Code  Gb  stm32f4xx_it.o [1]
DMA2_Stream2_IRQHandler
                        0x080049f5    0x6  Code  Gb  stm32f4xx_it.o [1]
DMA_CalcBaseAndBitshift
                        0x080047e5   0x28  Code  Lc  stm32f4xx_hal_dma.o [1]
DMA_CalcBaseAndBitshift::flagBitshiftOffset
                        0x0800480c    0x8  Data  Lc  stm32f4xx_hal_dma.o [1]
DebugMon_Handler        0x080049cf    0x2  Code  Gb  stm32f4xx_it.o [1]
Encoder_Init            0x080039f5   0x26  Code  Gb  Encoder.o [1]
Encoder_OverflowCount   0x20000610    0x8  Data  Gb  Encoder.o [1]
Error_Handler           0x080026d1    0x2  Code  Gb  main.o [1]
Get_ADC_Data            0x0800264f   0x16  Code  Gb  main.o [1]
HAL_ADC_ConfigChannel   0x08003f31  0x11a  Code  Gb  stm32f4xx_hal_adc.o [1]
HAL_ADC_Init            0x08003ee1   0x50  Code  Gb  stm32f4xx_hal_adc.o [1]
HAL_ADC_MspInit         0x08003367  0x10a  Code  Gb  stm32f4xx_hal_msp.o [1]
HAL_DMA_IRQHandler      0x08004633  0x188  Code  Gb  stm32f4xx_hal_dma.o [1]
HAL_DMA_Init            0x0800454d   0xe6  Code  Gb  stm32f4xx_hal_dma.o [1]
HAL_GPIO_Init           0x0800416d  0x1b2  Code  Gb  stm32f4xx_hal_gpio.o [1]
HAL_GPIO_WritePin       0x0800431f    0x8  Code  Gb  stm32f4xx_hal_gpio.o [1]
HAL_GetTick             0x08004541    0xc  Code  Wk  stm32f4xx_hal.o [1]
HAL_IncTick             0x08004a15   0x10  Code  Wk  stm32f4xx_hal.o [1]
HAL_Init                0x0800270d   0x30  Code  Gb  stm32f4xx_hal.o [1]
HAL_InitTick            0x08004359   0x40  Code  Wk  stm32f4xx_hal.o [1]
HAL_MspInit             0x08003331   0x36  Code  Gb  stm32f4xx_hal_msp.o [1]
HAL_NVIC_EnableIRQ      0x080027b3   0x16  Code  Gb  stm32f4xx_hal_cortex.o [1]
HAL_NVIC_SetPriority    0x08002779   0x3a  Code  Gb  stm32f4xx_hal_cortex.o [1]
HAL_NVIC_SetPriorityGrouping
                        0x0800275f   0x1a  Code  Gb  stm32f4xx_hal_cortex.o [1]
HAL_RCC_ClockConfig     0x08003d1d   0xfe  Code  Gb  stm32f4xx_hal_rcc.o [1]
HAL_RCC_EnableCSS       0x08003e27    0x8  Code  Gb  stm32f4xx_hal_rcc.o [1]
HAL_RCC_GetPCLK1Freq    0x08003e2f   0x10  Code  Gb  stm32f4xx_hal_rcc.o [1]
HAL_RCC_GetPCLK2Freq    0x08003e3f    0xe  Code  Gb  stm32f4xx_hal_rcc.o [1]
HAL_RCC_NMI_IRQHandler  0x08003e53   0x14  Code  Gb  stm32f4xx_hal_rcc.o [1]
HAL_RCC_OscConfig       0x08003a2d  0x2f0  Code  Wk  stm32f4xx_hal_rcc.o [1]
HAL_SYSTICK_Config      0x080027c9   0x28  Code  Gb  stm32f4xx_hal_cortex.o [1]
HAL_TIMEx_BreakCallback
                        0x08004505    0x2  Code  Wk  stm32f4xx_hal_tim_ex.o [1]
HAL_TIMEx_CommutCallback
                        0x08004509    0x2  Code  Wk  stm32f4xx_hal_tim_ex.o [1]
HAL_TIMEx_ConfigBreakDeadTime
                        0x08002fbf   0x54  Code  Gb  stm32f4xx_hal_tim_ex.o [1]
HAL_TIMEx_MasterConfigSynchronization
                        0x08002f81   0x3e  Code  Gb  stm32f4xx_hal_tim_ex.o [1]
HAL_TIM_Base_Init       0x08002809   0x1a  Code  Gb  stm32f4xx_hal_tim.o [1]
HAL_TIM_Base_MspInit    0x080034ab   0xb6  Code  Gb  stm32f4xx_hal_msp.o [1]
HAL_TIM_ConfigClockSource
                        0x08002c11   0x90  Code  Gb  stm32f4xx_hal_tim.o [1]
HAL_TIM_Encoder_Init    0x080028d1   0x8a  Code  Gb  stm32f4xx_hal_tim.o [1]
HAL_TIM_Encoder_MspInit
                        0x08003561  0x14c  Code  Gb  stm32f4xx_hal_msp.o [1]
HAL_TIM_Encoder_Start   0x08002965   0x1e  Code  Gb  stm32f4xx_hal_tim.o [1]
HAL_TIM_IRQHandler      0x08002997  0x142  Code  Gb  stm32f4xx_hal_tim.o [1]
HAL_TIM_MspPostInit     0x080036c7  0x104  Code  Gb  stm32f4xx_hal_msp.o [1]
HAL_TIM_OC_ConfigChannel
                        0x08002adf   0x4a  Code  Gb  stm32f4xx_hal_tim.o [1]
HAL_TIM_OC_Init         0x08002823   0x18  Code  Gb  stm32f4xx_hal_tim.o [1]
HAL_TIM_PWM_ConfigChannel
                        0x08002b29   0xc0  Code  Gb  stm32f4xx_hal_tim.o [1]
HAL_TIM_PWM_Init        0x0800286f   0x1a  Code  Gb  stm32f4xx_hal_tim.o [1]
HAL_TIM_PWM_Start       0x08002889   0x14  Code  Gb  stm32f4xx_hal_tim.o [1]
HAL_TIM_PeriodElapsedCallback
                        0x080043a1   0xc0  Code  Gb  Task.o [1]
HAL_UART_Init           0x0800301d   0x1e  Code  Gb  stm32f4xx_hal_uart.o [1]
HAL_UART_MspInit        0x08003863   0xfa  Code  Gb  stm32f4xx_hal_msp.o [1]
HAL_UART_Transmit       0x08003095   0xaa  Code  Gb  stm32f4xx_hal_uart.o [1]
HardFault_Handler       0x080049c5    0x2  Code  Gb  stm32f4xx_it.o [1]
Last_Objective_Track    0x2000060c    0x4  Data  Gb  Track.o [1]
LoadInt                 0x08000377   0x7a  Code  Lc  xprintffull.o [3]
MX_ADC1_Init            0x080022d5   0x56  Code  Lc  main.o [1]
MX_ADC2_Init            0x0800232b   0x56  Code  Lc  main.o [1]
MX_GPIO_Init            0x0800251f   0xf8  Code  Lc  main.o [1]
MX_TIM1_Init            0x080023cf   0x6c  Code  Lc  main.o [1]
MX_TIM8_Init            0x08002457   0x7a  Code  Lc  main.o [1]
MemManage_Handler       0x080049c7    0x2  Code  Gb  stm32f4xx_it.o [1]
NMI_Handler             0x080049c1    0x4  Code  Gb  stm32f4xx_it.o [1]
PendSV_Handler          0x080049d1    0x2  Code  Gb  stm32f4xx_it.o [1]
Region$$Table$$Base     0x08004ae8          --   Gb  - Linker created -
Region$$Table$$Limit    0x08004b08          --   Gb  - Linker created -
SVC_Handler             0x080049cd    0x2  Code  Gb  stm32f4xx_it.o [1]
Servo_Init              0x080039d9   0x18  Code  Gb  Servo.o [1]
Situation               0x20000600    0x8  Data  Gb  Track.o [1]
SysTick_Handler         0x080049d3    0x4  Code  Gb  stm32f4xx_it.o [1]
SystemClock_Config      0x08002239   0x9c  Code  Gb  main.o [1]
SystemCoreClock         0x2000000c    0x4  Data  Gb  system_stm32f4xx.o [1]
SystemInit              0x08004961   0x3a  Code  Gb  system_stm32f4xx.o [1]
TIM2_IRQHandler         0x080049dd    0x6  Code  Gb  stm32f4xx_it.o [1]
TIM3_IRQHandler         0x080049e3    0x6  Code  Gb  stm32f4xx_it.o [1]
TIM7_IRQHandler         0x080049e9    0x6  Code  Gb  stm32f4xx_it.o [1]
TIM_Base_SetConfig      0x08002cd9   0x96  Code  Gb  stm32f4xx_hal_tim.o [1]
TIM_CCxChannelCmd       0x08002f63   0x16  Code  Gb  stm32f4xx_hal_tim.o [1]
TIM_ETR_SetConfig       0x08002f4f   0x14  Code  Gb  stm32f4xx_hal_tim.o [1]
TIM_ITRx_SetConfig      0x08002f3f   0x10  Code  Lc  stm32f4xx_hal_tim.o [1]
TIM_OC1_SetConfig       0x08002d6f   0x52  Code  Lc  stm32f4xx_hal_tim.o [1]
TIM_OC2_SetConfig       0x08002dc1   0x60  Code  Gb  stm32f4xx_hal_tim.o [1]
TIM_OC3_SetConfig       0x08002e21   0x58  Code  Lc  stm32f4xx_hal_tim.o [1]
TIM_OC4_SetConfig       0x08002e85   0x46  Code  Lc  stm32f4xx_hal_tim.o [1]
TIM_TI1_ConfigInputStage
                        0x08002efd   0x1e  Code  Lc  stm32f4xx_hal_tim.o [1]
TIM_TI2_ConfigInputStage
                        0x08002f1b   0x24  Code  Lc  stm32f4xx_hal_tim.o [1]
Threshold_1             0x20000608    0x1  Data  Gb  Track.o [1]
Threshold_2             0x20000609    0x1  Data  Gb  Track.o [1]
Track_                  0x0800490b   0x44  Code  Gb  Track.o [1]
UART_SetConfig          0x080031ab  0x13a  Code  Lc  stm32f4xx_hal_uart.o [1]
UART_WaitOnFlagUntilTimeout
                        0x08003147   0x56  Code  Lc  stm32f4xx_hal_uart.o [1]
US100_Data              0x20000358    0x1  Data  Gb  main.o [1]
UsageFault_Handler      0x080049cb    0x2  Code  Gb  stm32f4xx_it.o [1]
_Encoding_8859_1_Mbrlen
                        0x08001131    0x2  Code  Gb  xencoding_8859_1.o [3]
_Encoding_8859_1_Wctomb
                        0x0800111f   0x12  Code  Gb  xencoding_8859_1.o [3]
_GenldFull              0x08000df9  0x274  Code  Lc  xprintffull.o [3]
_LdtobFull              0x080009cd  0x3fe  Code  Lc  xprintffull.o [3]
_LitobFull              0x08000875  0x112  Code  Lc  xprintffull.o [3]
_Locale_lconv           0x20000010   0x38  Data  Lc  xlocale_c.o [3]
_PrintfFull             0x08000189  0x1d6  Code  Gb  xprintffull.o [3]
_Prout                  0x08004b3b   0x16  Code  Gb  xprout.o [3]
_PutcharsFull           0x0800106d   0x2e  Code  Lc  xprintffull.o [3]
_PutfldFull             0x080003f1  0x2d0  Code  Lc  xprintffull.o [3]
_PutstrFull             0x080007b7   0xbe  Code  Lc  xprintffull.o [3]
_PuttxtFull             0x080006c1   0xf6  Code  Lc  xprintffull.o [3]
__NVIC_SetPriority      0x08002741   0x1e  Code  Lc  stm32f4xx_hal_cortex.o [1]
__aeabi_cdcmple         0x08001791         Code  Gb  DblCmpLe.o [4]
__aeabi_cdrcmple        0x080017c1         Code  Gb  DblCmpGe.o [4]
__aeabi_d2iz            0x0800192d         Code  Gb  DblToS32.o [4]
__aeabi_d2uiz           0x08001cb9         Code  Gb  DblToU32.o [4]
__aeabi_ddiv            0x08001a71         Code  Gb  DblDiv.o [4]
__aeabi_dmul            0x0800157d         Code  Gb  DblMul.o [4]
__aeabi_dsub            0x0800198d         Code  Gb  DblSub.o [4]
__aeabi_i2d             0x08001969         Code  Gb  S32ToDbl.o [4]
__aeabi_ldiv0           0x08001d01         Code  Gb  I64DivZer.o [5]
__aeabi_memclr4         0x08003015         Code  Gb  ABImemclr4.o [5]
__aeabi_memcpy          0x080012a5         Code  Gb  ABImemcpy.o [5]
__aeabi_memcpy4         0x080012c5         Code  Gb  ABImemcpy.o [5]
__aeabi_memcpy8         0x080012c5         Code  Gb  ABImemcpy.o [5]
__aeabi_ui2d            0x08001ce1         Code  Gb  U32ToDbl.o [4]
__aeabi_uldivmod        0x0800134d         Code  Gb  I64DivMod.o [5]
__cmain                 0x08004b09         Code  Gb  cmain.o [5]
__exit                  0x08001e6d   0x14  Code  Gb  exit.o [6]
__iar_Fail_s            0x080011c9   0x1c  Code  Gb  xfail_s.o [3]
__iar_Mbcurmax          0x08001299    0xa  Code  Gb  xmbcurmax.o [3]
__iar_Memchr            0x08001241         Code  Gb  memchr.o [5]
__iar_Memset4_word      0x0800450d         Code  Gb  ABImemset48.o [5]
__iar_Memset8_word      0x0800450d         Code  Gb  ABImemset48.o [5]
__iar_Stdout            0x20000090   0x48  Data  Gb  xfiles.o [3]
__iar_Strchr            0x080011b1         Code  Gb  strchr.o [5]
__iar_dadd              0x0800199d         Code  Gb  DblSub.o [4]
__iar_data_init3        0x08004a9d   0x28  Code  Gb  data_init.o [5]
__iar_dsub              0x08001d05         Code  Gb  DblAdd.o [4]
__iar_dsubStart         0x08001d17         Code  Gb  DblAdd.o [4]
__iar_frexp             0x0800172d         Code  Gb  frexp.o [4]
__iar_frexpl            0x0800172d         Code  Gb  frexp.o [4]
__iar_globLocale        0x20000048   0x48  Data  Lc  xlocale_c.o [3]
__iar_global_Locale     0x0800113d    0x4  Code  Gb  xlocale_c.o [3]
__iar_init_vfp          0x08004ac5         Code  Gb  fpinit_M.o [4]
__iar_ldexp64           0x080017f1         Code  Gb  ldexp.o [4]
__iar_packbits_init_single3
                        0x08004a65   0x38  Code  Gb  packbits_init_single.o [5]
__iar_program_start     0x08004b6d         Code  Gb  cstartup_M.o [5]
__iar_scalbln64         0x080017f1         Code  Gb  ldexp.o [4]
__iar_scalbn64          0x080017f1         Code  Gb  ldexp.o [4]
__iar_softfp___iar_frexp64
                        0x08001721         Code  Gb  frexp.o [4]
__iar_softfp_frexp      0x08001721         Code  Gb  frexp.o [4]
__iar_softfp_frexpl     0x08001721         Code  Gb  frexp.o [4]
__iar_systems$$module {Abs}
                        0x00000001         Data  Gb  command line/config [2]
__iar_zero_init3        0x08004a25   0x40  Code  Gb  zero_init3.o [5]
__low_level_init        0x08004b27    0x4  Code  Gb  low_level_init.o [3]
__vector_table          0x08000000         Data  Gb  startup_stm32f407xx.o [1]
_call_main              0x08004b15         Code  Gb  cmain.o [5]
_exit                   0x08004b31         Code  Gb  cexit.o [5]
_gLocale_mblen          0x0800119d    0x4  Code  Gb  xlocale_c.o [3]
_gLocale_mblenInt       0x08001165   0x34  Code  Gb  xlocale_c.o [3]
_gLocale_wctomb         0x080011a1    0x4  Code  Gb  xlocale_c.o [3]
_gLocale_wctombInt      0x08001199    0x4  Code  Gb  xlocale_c.o [3]
_main                   0x08004b23         Code  Gb  cmain.o [5]
abort                   0x08001cfb    0x6  Code  Gb  abort.o [3]
exit                    0x08004b2b    0x4  Code  Gb  exit.o [3]
fputc                   0x0800263b   0x14  Code  Gb  main.o [1]
hadc1                   0x200004cc   0x48  Data  Gb  main.o [1]
hadc2                   0x20000514   0x48  Data  Gb  main.o [1]
hdma_adc1               0x2000035c   0x60  Data  Gb  main.o [1]
hdma_adc2               0x200003bc   0x60  Data  Gb  main.o [1]
hdma_usart3_rx          0x2000041c   0x60  Data  Gb  main.o [1]
htim1                   0x2000055c   0x40  Data  Gb  main.o [1]
htim10                  0x20000258   0x40  Data  Gb  main.o [1]
htim11                  0x20000298   0x40  Data  Gb  main.o [1]
htim2                   0x200000d8   0x40  Data  Gb  main.o [1]
htim3                   0x20000118   0x40  Data  Gb  main.o [1]
htim4                   0x20000158   0x40  Data  Gb  main.o [1]
htim5                   0x20000198   0x40  Data  Gb  main.o [1]
htim7                   0x200001d8   0x40  Data  Gb  main.o [1]
htim8                   0x2000059c   0x40  Data  Gb  main.o [1]
htim9                   0x20000218   0x40  Data  Gb  main.o [1]
huart1                  0x200002d8   0x40  Data  Gb  main.o [1]
huart3                  0x20000318   0x40  Data  Gb  main.o [1]
ldexp                   0x080017f1         Code  Gb  ldexp.o [4]
ldexpl                  0x080017f1         Code  Gb  ldexp.o [4]
localeconv              0x080011a5    0x4  Code  Gb  xlocale_c.o [3]
main                    0x08001e81  0x388  Code  Gb  main.o [1]
memchr                  0x08001241         Code  Gb  memchr.o [5]
obuf                    0x2000047c   0x50  Data  Lc  xfiles.o [3]
printf                  0x08004819   0x28  Code  Gb  printf.o [3]
putchar                 0x08004b51    0xc  Code  Gb  putchar.o [3]
scalbln                 0x080017f1         Code  Gb  ldexp.o [4]
scalblnl                0x080017f1         Code  Gb  ldexp.o [4]
scalbn                  0x080017f1         Code  Gb  ldexp.o [4]
scalbnl                 0x080017f1         Code  Gb  ldexp.o [4]
scale                   0x08000987   0x46  Code  Lc  xprintffull.o [3]
sec_hand                0x20000618    0x4  Data  Lc  xfail_s.o [3]
strchr                  0x080011b1         Code  Gb  strchr.o [5]
strlen                  0x08001209         Code  Gb  strlen.o [5]
uwTick                  0x20000004    0x4  Data  Gb  stm32f4xx_hal.o [1]
uwTickFreq              0x20000000    0x1  Data  Gb  stm32f4xx_hal.o [1]
uwTickPrio              0x20000008    0x4  Data  Gb  stm32f4xx_hal.o [1]


[1] = D:\我的项目\2019机器人竞赛-邀请赛\程序\Project\EWARM\Project\Obj
[2] = command line
[3] = dl7M_tlf.a
[4] = m7M_tls.a
[5] = rt7M_tl.a
[6] = shb_l.a

  19 586 bytes of readonly  code memory
     178 bytes of readonly  data memory
   2 588 bytes of readwrite data memory

Errors: none
Warnings: none
